Archive member included because of file (symbol)

/home/kennedn/.pebble-sdk/SDKs/current/sdk-core/pebble/aplite/lib/libpebble.a(tmp7jpKUopebble.o)
                              src/c/pebble-cron.c.25.o (app_event_loop)

Allocating common symbols
Common symbol       size              file

ubuntu18            0x4               src/c/pebble-cron.c.25.o
ubuntu14            0x4               src/c/pebble-cron.c.25.o

Discarded input sections

 .text          0x0000000000000000        0x0 /home/kennedn/.pebble-sdk/SDKs/4.9.77/toolchain/arm-none-eabi/bin/../lib/gcc/arm-none-eabi/4.7.2/thumb2/crti.o
 .bss           0x0000000000000000        0x0 /home/kennedn/.pebble-sdk/SDKs/4.9.77/toolchain/arm-none-eabi/bin/../lib/gcc/arm-none-eabi/4.7.2/thumb2/crti.o
 .init          0x0000000000000000        0x4 /home/kennedn/.pebble-sdk/SDKs/4.9.77/toolchain/arm-none-eabi/bin/../lib/gcc/arm-none-eabi/4.7.2/thumb2/crti.o
 .fini          0x0000000000000000        0x4 /home/kennedn/.pebble-sdk/SDKs/4.9.77/toolchain/arm-none-eabi/bin/../lib/gcc/arm-none-eabi/4.7.2/thumb2/crti.o
 .text          0x0000000000000000       0xc8 /home/kennedn/.pebble-sdk/SDKs/4.9.77/toolchain/arm-none-eabi/bin/../lib/gcc/arm-none-eabi/4.7.2/thumb2/crtbegin.o
 .bss           0x0000000000000000       0x1c /home/kennedn/.pebble-sdk/SDKs/4.9.77/toolchain/arm-none-eabi/bin/../lib/gcc/arm-none-eabi/4.7.2/thumb2/crtbegin.o
 .init_array    0x0000000000000000        0x4 /home/kennedn/.pebble-sdk/SDKs/4.9.77/toolchain/arm-none-eabi/bin/../lib/gcc/arm-none-eabi/4.7.2/thumb2/crtbegin.o
 .fini_array    0x0000000000000000        0x4 /home/kennedn/.pebble-sdk/SDKs/4.9.77/toolchain/arm-none-eabi/bin/../lib/gcc/arm-none-eabi/4.7.2/thumb2/crtbegin.o
 .eh_frame      0x0000000000000000        0x0 /home/kennedn/.pebble-sdk/SDKs/4.9.77/toolchain/arm-none-eabi/bin/../lib/gcc/arm-none-eabi/4.7.2/thumb2/crtbegin.o
 .jcr           0x0000000000000000        0x0 /home/kennedn/.pebble-sdk/SDKs/4.9.77/toolchain/arm-none-eabi/bin/../lib/gcc/arm-none-eabi/4.7.2/thumb2/crtbegin.o
 .tm_clone_table
                0x0000000000000000        0x0 /home/kennedn/.pebble-sdk/SDKs/4.9.77/toolchain/arm-none-eabi/bin/../lib/gcc/arm-none-eabi/4.7.2/thumb2/crtbegin.o
 .text          0x0000000000000000        0x0 src/c/modules/comm.c.25.o
 .bss           0x0000000000000000        0x0 src/c/modules/comm.c.25.o
 .text          0x0000000000000000        0x0 src/c/modules/wakeup.c.25.o
 .bss           0x0000000000000000        0x0 src/c/modules/wakeup.c.25.o
 .text          0x0000000000000000        0x0 src/c/pebble-cron.c.25.o
 .bss           0x0000000000000000        0x0 src/c/pebble-cron.c.25.o
 .text          0x0000000000000000        0x0 src/c/user_interface/loading_window.c.25.o
 .bss           0x0000000000000000        0x0 src/c/user_interface/loading_window.c.25.o
 .text          0x0000000000000000        0x0 aplite/appinfo.auto.c.25.o
 .bss           0x0000000000000000        0x0 aplite/appinfo.auto.c.25.o
 .text          0x0000000000000000        0x0 aplite/src/resource_ids.auto.c.25.o
 .bss           0x0000000000000000        0x0 aplite/src/resource_ids.auto.c.25.o
 .data.RESOURCE_ID_IMAGE_MENU_ICON
                0x0000000000000000        0x4 aplite/src/resource_ids.auto.c.25.o
 .data.RESOURCE_ID_COMPASS_BACKGROUND
                0x0000000000000000        0x4 aplite/src/resource_ids.auto.c.25.o
 .data.RESOURCE_ID_FONT_UBUNTU_BOLD_14
                0x0000000000000000        0x4 aplite/src/resource_ids.auto.c.25.o
 .data.RESOURCE_ID_FONT_UBUNTU_BOLD_18
                0x0000000000000000        0x4 aplite/src/resource_ids.auto.c.25.o
 .text          0x0000000000000000        0x0 src/message_keys.auto.c.25.o
 .bss           0x0000000000000000        0x0 src/message_keys.auto.c.25.o
 .bss           0x0000000000000000        0x0 /home/kennedn/.pebble-sdk/SDKs/current/sdk-core/pebble/aplite/lib/libpebble.a(tmp7jpKUopebble.o)
 .text.accel_data_service_subscribe__deprecated
                0x0000000000000000        0xc /home/kennedn/.pebble-sdk/SDKs/current/sdk-core/pebble/aplite/lib/libpebble.a(tmp7jpKUopebble.o)
 .text.accel_data_service_unsubscribe
                0x0000000000000000        0xc /home/kennedn/.pebble-sdk/SDKs/current/sdk-core/pebble/aplite/lib/libpebble.a(tmp7jpKUopebble.o)
 .text.accel_service_peek
                0x0000000000000000        0xc /home/kennedn/.pebble-sdk/SDKs/current/sdk-core/pebble/aplite/lib/libpebble.a(tmp7jpKUopebble.o)
 .text.accel_service_set_samples_per_update
                0x0000000000000000        0xc /home/kennedn/.pebble-sdk/SDKs/current/sdk-core/pebble/aplite/lib/libpebble.a(tmp7jpKUopebble.o)
 .text.accel_service_set_sampling_rate
                0x0000000000000000        0xc /home/kennedn/.pebble-sdk/SDKs/current/sdk-core/pebble/aplite/lib/libpebble.a(tmp7jpKUopebble.o)
 .text.accel_tap_service_subscribe
                0x0000000000000000        0xc /home/kennedn/.pebble-sdk/SDKs/current/sdk-core/pebble/aplite/lib/libpebble.a(tmp7jpKUopebble.o)
[...]
Memory Configuration

Name             Origin             Length             Attributes
APP              0x0000000000000000 0x0000000000006000 xrw
*default*        0x0000000000000000 0xffffffffffffffff

Linker script and memory map

LOAD /home/kennedn/.pebble-sdk/SDKs/4.9.77/toolchain/arm-none-eabi/bin/../lib/gcc/arm-none-eabi/4.7.2/thumb2/crti.o
LOAD /home/kennedn/.pebble-sdk/SDKs/4.9.77/toolchain/arm-none-eabi/bin/../lib/gcc/arm-none-eabi/4.7.2/thumb2/crtbegin.o
LOAD src/c/modules/comm.c.25.o
LOAD src/c/modules/wakeup.c.25.o
LOAD src/c/pebble-cron.c.25.o
LOAD src/c/user_interface/loading_window.c.25.o
LOAD aplite/appinfo.auto.c.25.o
LOAD aplite/src/resource_ids.auto.c.25.o
LOAD src/message_keys.auto.c.25.o
LOAD /home/kennedn/.pebble-sdk/SDKs/current/sdk-core/pebble/aplite/lib/libpebble.a
LOAD /home/kennedn/Projects/pebble-cron/node_modules/pebble-clay-kennedn/dist/binaries/aplite/libpebble-clay-kennedn.a
START GROUP
LOAD /home/kennedn/.pebble-sdk/SDKs/4.9.77/toolchain/arm-none-eabi/bin/../lib/gcc/arm-none-eabi/4.7.2/thumb2/libgcc.a
LOAD /home/kennedn/.pebble-sdk/SDKs/4.9.77/toolchain/arm-none-eabi/bin/../lib/gcc/arm-none-eabi/4.7.2/../../../../arm-none-eabi/lib/thumb2/libc.a
END GROUP
LOAD /home/kennedn/.pebble-sdk/SDKs/4.9.77/toolchain/arm-none-eabi/bin/../lib/gcc/arm-none-eabi/4.7.2/thumb2/crtend.o
LOAD /home/kennedn/.pebble-sdk/SDKs/4.9.77/toolchain/arm-none-eabi/bin/../lib/gcc/arm-none-eabi/4.7.2/thumb2/crtn.o

.header         0x0000000000000000       0x82
 *(.pbl_header)
 .pbl_header    0x0000000000000000       0x82 aplite/appinfo.auto.c.25.o
                0x0000000000000000                __pbl_app_info

.note.gnu.build-id
                0x0000000000000082       0x26
                0x0000000000000082                PROVIDE (BUILD_ID, .)
 *(.note.gnu.build-id)
 *fill*         0x0000000000000082        0x2 
 .note.gnu.build-id
                0x0000000000000084       0x24 linker stubs

.text           0x00000000000000a8      0xbe5
 *(.text)
 .text          0x00000000000000a8       0x14 /home/kennedn/.pebble-sdk/SDKs/current/sdk-core/pebble/aplite/lib/libpebble.a(tmp7jpKUopebble.o)
 *(.text.*)
 .text.comm_callback_start
                0x00000000000000bc       0x54 src/c/modules/comm.c.25.o
                0x00000000000000bc                comm_callback_start
 .text.comm_bluetooth_event
                0x0000000000000110       0x58 src/c/modules/comm.c.25.o
 .text.comm_ready_callback
                0x0000000000000168       0xf8 src/c/modules/comm.c.25.o
                0x0000000000000168                comm_ready_callback
 .text.comm_generate_pins_request
                0x0000000000000260       0x70 src/c/modules/comm.c.25.o
                0x0000000000000260                comm_generate_pins_request
 .text.inbox    0x00000000000002d0       0x7c src/c/modules/comm.c.25.o
 .text.comm_init
                0x000000000000034c       0x50 src/c/modules/comm.c.25.o
                0x000000000000034c                comm_init
 .text.comm_deinit
                0x000000000000039c       0x44 src/c/modules/comm.c.25.o
                0x000000000000039c                comm_deinit
 .text.wakeup_init
                0x00000000000003e0       0xb4 src/c/modules/wakeup.c.25.o
                0x00000000000003e0                wakeup_init
 .text.startup.main
                0x0000000000000494       0x50 src/c/pebble-cron.c.25.o
                0x0000000000000494                main
 .text.window_disappear
                0x00000000000004e4       0x14 src/c/user_interface/loading_window.c.25.o
 .text.setup_text_layer
                0x00000000000004f8      0x12c src/c/user_interface/loading_window.c.25.o
 .text.display_long_load_message
                0x0000000000000624       0x50 src/c/user_interface/loading_window.c.25.o
 .text.text_callback
                0x0000000000000674       0xb4 src/c/user_interface/loading_window.c.25.o
 .text.window_unload
                0x0000000000000728       0x64 src/c/user_interface/loading_window.c.25.o
                0x0000000000000728                window_unload
 .text.window_load
                0x000000000000078c       0xac src/c/user_interface/loading_window.c.25.o
 .text.loading_window_push
                0x0000000000000838       0x88 src/c/user_interface/loading_window.c.25.o
                0x0000000000000838                loading_window_push
 .text.app_event_loop
                0x00000000000008c0        0xc /home/kennedn/.pebble-sdk/SDKs/current/sdk-core/pebble/aplite/lib/libpebble.a(tmp7jpKUopebble.o)
                0x00000000000008c0                app_event_loop
 .text.app_log  0x00000000000008cc        0xc /home/kennedn/.pebble-sdk/SDKs/current/sdk-core/pebble/aplite/lib/libpebble.a(tmp7jpKUopebble.o)
                0x00000000000008cc                app_log
 .text.app_message_deregister_callbacks
                0x00000000000008d8        0xc /home/kennedn/.pebble-sdk/SDKs/current/sdk-core/pebble/aplite/lib/libpebble.a(tmp7jpKUopebble.o)
                0x00000000000008d8                app_message_deregister_callbacks
 .text.app_message_open
                0x00000000000008e4        0xc /home/kennedn/.pebble-sdk/SDKs/current/sdk-core/pebble/aplite/lib/libpebble.a(tmp7jpKUopebble.o)
                0x00000000000008e4                app_message_open
 .text.app_timer_cancel
                0x00000000000008f0        0xc /home/kennedn/.pebble-sdk/SDKs/current/sdk-core/pebble/aplite/lib/libpebble.a(tmp7jpKUopebble.o)
                0x00000000000008f0                app_timer_cancel
 .text.app_timer_register
                0x00000000000008fc        0xc /home/kennedn/.pebble-sdk/SDKs/current/sdk-core/pebble/aplite/lib/libpebble.a(tmp7jpKUopebble.o)
                0x00000000000008fc                app_timer_register
 .text.dict_find
                0x0000000000000908        0xc /home/kennedn/.pebble-sdk/SDKs/current/sdk-core/pebble/aplite/lib/libpebble.a(tmp7jpKUopebble.o)
                0x0000000000000908                dict_find
 .text.dict_write_end
                0x0000000000000914        0xc /home/kennedn/.pebble-sdk/SDKs/current/sdk-core/pebble/aplite/lib/libpebble.a(tmp7jpKUopebble.o)
                0x0000000000000914                dict_write_end
 .text.dict_write_uint8
                0x0000000000000920        0xc /home/kennedn/.pebble-sdk/SDKs/current/sdk-core/pebble/aplite/lib/libpebble.a(tmp7jpKUopebble.o)
                0x0000000000000920                dict_write_uint8
 .text.fonts_load_custom_font
                0x000000000000092c        0xc /home/kennedn/.pebble-sdk/SDKs/current/sdk-core/pebble/aplite/lib/libpebble.a(tmp7jpKUopebble.o)
                0x000000000000092c                fonts_load_custom_font
 .text.fonts_unload_custom_font
                0x0000000000000938        0xc /home/kennedn/.pebble-sdk/SDKs/current/sdk-core/pebble/aplite/lib/libpebble.a(tmp7jpKUopebble.o)
                0x0000000000000938                fonts_unload_custom_font
 .text.layer_add_child
                0x0000000000000944        0xc /home/kennedn/.pebble-sdk/SDKs/current/sdk-core/pebble/aplite/lib/libpebble.a(tmp7jpKUopebble.o)
                0x0000000000000944                layer_add_child
 .text.layer_get_bounds
                0x0000000000000950        0xc /home/kennedn/.pebble-sdk/SDKs/current/sdk-core/pebble/aplite/lib/libpebble.a(tmp7jpKUopebble.o)
                0x0000000000000950                layer_get_bounds
 .text.layer_mark_dirty
                0x000000000000095c        0xc /home/kennedn/.pebble-sdk/SDKs/current/sdk-core/pebble/aplite/lib/libpebble.a(tmp7jpKUopebble.o)
                0x000000000000095c                layer_mark_dirty
 .text.layer_set_hidden
                0x0000000000000968        0xc /home/kennedn/.pebble-sdk/SDKs/current/sdk-core/pebble/aplite/lib/libpebble.a(tmp7jpKUopebble.o)
                0x0000000000000968                layer_set_hidden
 .text.memset   0x0000000000000974        0xc /home/kennedn/.pebble-sdk/SDKs/current/sdk-core/pebble/aplite/lib/libpebble.a(tmp7jpKUopebble.o)
                0x0000000000000974                memset
 .text.resource_get_handle
                0x0000000000000980        0xc /home/kennedn/.pebble-sdk/SDKs/current/sdk-core/pebble/aplite/lib/libpebble.a(tmp7jpKUopebble.o)
                0x0000000000000980                resource_get_handle
 .text.strftime
                0x000000000000098c        0xc /home/kennedn/.pebble-sdk/SDKs/current/sdk-core/pebble/aplite/lib/libpebble.a(tmp7jpKUopebble.o)
                0x000000000000098c                strftime
 .text.window_create
                0x0000000000000998        0xc /home/kennedn/.pebble-sdk/SDKs/current/sdk-core/pebble/aplite/lib/libpebble.a(tmp7jpKUopebble.o)
                0x0000000000000998                window_create
 .text.window_destroy
                0x00000000000009a4        0xc /home/kennedn/.pebble-sdk/SDKs/current/sdk-core/pebble/aplite/lib/libpebble.a(tmp7jpKUopebble.o)
                0x00000000000009a4                window_destroy
 .text.window_get_root_layer
                0x00000000000009b0        0xc /home/kennedn/.pebble-sdk/SDKs/current/sdk-core/pebble/aplite/lib/libpebble.a(tmp7jpKUopebble.o)
                0x00000000000009b0                window_get_root_layer
 .text.window_set_window_handlers
                0x00000000000009bc        0xc /home/kennedn/.pebble-sdk/SDKs/current/sdk-core/pebble/aplite/lib/libpebble.a(tmp7jpKUopebble.o)
                0x00000000000009bc                window_set_window_handlers
 .text.window_stack_pop_all
                0x00000000000009c8        0xc /home/kennedn/.pebble-sdk/SDKs/current/sdk-core/pebble/aplite/lib/libpebble.a(tmp7jpKUopebble.o)
                0x00000000000009c8                window_stack_pop_all
 .text.window_stack_push
                0x00000000000009d4        0xc /home/kennedn/.pebble-sdk/SDKs/current/sdk-core/pebble/aplite/lib/libpebble.a(tmp7jpKUopebble.o)
                0x00000000000009d4                window_stack_push
 .text.window_stack_remove
                0x00000000000009e0        0xc /home/kennedn/.pebble-sdk/SDKs/current/sdk-core/pebble/aplite/lib/libpebble.a(tmp7jpKUopebble.o)
                0x00000000000009e0                window_stack_remove
 .text.app_message_outbox_begin
                0x00000000000009ec        0xc /home/kennedn/.pebble-sdk/SDKs/current/sdk-core/pebble/aplite/lib/libpebble.a(tmp7jpKUopebble.o)
                0x00000000000009ec                app_message_outbox_begin
 .text.app_message_outbox_send
                0x00000000000009f8        0xc /home/kennedn/.pebble-sdk/SDKs/current/sdk-core/pebble/aplite/lib/libpebble.a(tmp7jpKUopebble.o)
                0x00000000000009f8                app_message_outbox_send
 .text.app_message_register_inbox_received
                0x0000000000000a04        0xc /home/kennedn/.pebble-sdk/SDKs/current/sdk-core/pebble/aplite/lib/libpebble.a(tmp7jpKUopebble.o)
                0x0000000000000a04                app_message_register_inbox_received
 .text.graphics_text_layout_get_content_size
                0x0000000000000a10        0xc /home/kennedn/.pebble-sdk/SDKs/current/sdk-core/pebble/aplite/lib/libpebble.a(tmp7jpKUopebble.o)
                0x0000000000000a10                graphics_text_layout_get_content_size
 .text.wakeup_cancel_all
                0x0000000000000a1c        0xc /home/kennedn/.pebble-sdk/SDKs/current/sdk-core/pebble/aplite/lib/libpebble.a(tmp7jpKUopebble.o)
                0x0000000000000a1c                wakeup_cancel_all
 .text.wakeup_schedule
                0x0000000000000a28        0xc /home/kennedn/.pebble-sdk/SDKs/current/sdk-core/pebble/aplite/lib/libpebble.a(tmp7jpKUopebble.o)
                0x0000000000000a28                wakeup_schedule
 .text.mktime   0x0000000000000a34        0xc /home/kennedn/.pebble-sdk/SDKs/current/sdk-core/pebble/aplite/lib/libpebble.a(tmp7jpKUopebble.o)
                0x0000000000000a34                mktime
 .text.window_set_background_color
                0x0000000000000a40        0xc /home/kennedn/.pebble-sdk/SDKs/current/sdk-core/pebble/aplite/lib/libpebble.a(tmp7jpKUopebble.o)
                0x0000000000000a40                window_set_background_color
 .text.localtime
                0x0000000000000a4c        0xc /home/kennedn/.pebble-sdk/SDKs/current/sdk-core/pebble/aplite/lib/libpebble.a(tmp7jpKUopebble.o)
                0x0000000000000a4c                localtime
 .text.text_layer_create
                0x0000000000000a58        0xc /home/kennedn/.pebble-sdk/SDKs/current/sdk-core/pebble/aplite/lib/libpebble.a(tmp7jpKUopebble.o)
                0x0000000000000a58                text_layer_create
 .text.text_layer_destroy
                0x0000000000000a64        0xc /home/kennedn/.pebble-sdk/SDKs/current/sdk-core/pebble/aplite/lib/libpebble.a(tmp7jpKUopebble.o)
                0x0000000000000a64                text_layer_destroy
 .text.text_layer_get_layer
                0x0000000000000a70        0xc /home/kennedn/.pebble-sdk/SDKs/current/sdk-core/pebble/aplite/lib/libpebble.a(tmp7jpKUopebble.o)
                0x0000000000000a70                text_layer_get_layer
 .text.text_layer_set_background_color
                0x0000000000000a7c        0xc /home/kennedn/.pebble-sdk/SDKs/current/sdk-core/pebble/aplite/lib/libpebble.a(tmp7jpKUopebble.o)
                0x0000000000000a7c                text_layer_set_background_color
 .text.text_layer_set_font
                0x0000000000000a88        0xc /home/kennedn/.pebble-sdk/SDKs/current/sdk-core/pebble/aplite/lib/libpebble.a(tmp7jpKUopebble.o)
                0x0000000000000a88                text_layer_set_font
 .text.text_layer_set_overflow_mode
                0x0000000000000a94        0xc /home/kennedn/.pebble-sdk/SDKs/current/sdk-core/pebble/aplite/lib/libpebble.a(tmp7jpKUopebble.o)
                0x0000000000000a94                text_layer_set_overflow_mode
 .text.text_layer_set_text
                0x0000000000000aa0        0xc /home/kennedn/.pebble-sdk/SDKs/current/sdk-core/pebble/aplite/lib/libpebble.a(tmp7jpKUopebble.o)
                0x0000000000000aa0                text_layer_set_text
 .text.text_layer_set_text_alignment
                0x0000000000000aac        0xc /home/kennedn/.pebble-sdk/SDKs/current/sdk-core/pebble/aplite/lib/libpebble.a(tmp7jpKUopebble.o)
                0x0000000000000aac                text_layer_set_text_alignment
 .text.text_layer_set_text_color
                0x0000000000000ab8        0xc /home/kennedn/.pebble-sdk/SDKs/current/sdk-core/pebble/aplite/lib/libpebble.a(tmp7jpKUopebble.o)
                0x0000000000000ab8                text_layer_set_text_color
 .text.time     0x0000000000000ac4        0xc /home/kennedn/.pebble-sdk/SDKs/current/sdk-core/pebble/aplite/lib/libpebble.a(tmp7jpKUopebble.o)
                0x0000000000000ac4                time
 .text.connection_service_peek_pebble_app_connection
                0x0000000000000ad0        0xc /home/kennedn/.pebble-sdk/SDKs/current/sdk-core/pebble/aplite/lib/libpebble.a(tmp7jpKUopebble.o)
                0x0000000000000ad0                connection_service_peek_pebble_app_connection
 .text.connection_service_subscribe
                0x0000000000000adc        0xc /home/kennedn/.pebble-sdk/SDKs/current/sdk-core/pebble/aplite/lib/libpebble.a(tmp7jpKUopebble.o)
                0x0000000000000adc                connection_service_subscribe
 .text.connection_service_unsubscribe
                0x0000000000000ae8        0xc /home/kennedn/.pebble-sdk/SDKs/current/sdk-core/pebble/aplite/lib/libpebble.a(tmp7jpKUopebble.o)
                0x0000000000000ae8                connection_service_unsubscribe
 *(.rodata)
 *(.rodata*)
 .rodata.str1.1
                0x0000000000000af4       0xad src/c/modules/comm.c.25.o
 .rodata.str1.1
                0x0000000000000ba1       0x99 src/c/modules/wakeup.c.25.o
 .rodata.str1.1
                0x0000000000000c3a       0x53 src/c/user_interface/loading_window.c.25.o

.glue_7         0x0000000000000c90        0x0
 .glue_7        0x0000000000000000        0x0 linker stubs

.glue_7t        0x0000000000000c90        0x0
 .glue_7t       0x0000000000000000        0x0 linker stubs

.vfp11_veneer   0x0000000000000c90        0x0
 .vfp11_veneer  0x0000000000000000        0x0 linker stubs

.v4_bx          0x0000000000000c90        0x0
 .v4_bx         0x0000000000000000        0x0 linker stubs

.iplt           0x0000000000000c90        0x0
 .iplt          0x0000000000000000        0x0 /home/kennedn/.pebble-sdk/SDKs/4.9.77/toolchain/arm-none-eabi/bin/../lib/gcc/arm-none-eabi/4.7.2/thumb2/crtbegin.o

.rel.dyn        0x0000000000000c90        0x0
 .rel.iplt      0x0000000000000000        0x0 /home/kennedn/.pebble-sdk/SDKs/4.9.77/toolchain/arm-none-eabi/bin/../lib/gcc/arm-none-eabi/4.7.2/thumb2/crtbegin.o
 .rel.got       0x0000000000000000        0x0 /home/kennedn/.pebble-sdk/SDKs/4.9.77/toolchain/arm-none-eabi/bin/../lib/gcc/arm-none-eabi/4.7.2/thumb2/crtbegin.o

.data           0x0000000000000c90       0x10
 *(.data)
 .data          0x0000000000000c90        0x0 /home/kennedn/.pebble-sdk/SDKs/4.9.77/toolchain/arm-none-eabi/bin/../lib/gcc/arm-none-eabi/4.7.2/thumb2/crti.o
 .data          0x0000000000000c90        0x4 /home/kennedn/.pebble-sdk/SDKs/4.9.77/toolchain/arm-none-eabi/bin/../lib/gcc/arm-none-eabi/4.7.2/thumb2/crtbegin.o
                0x0000000000000c90                __dso_handle
 .data          0x0000000000000c94        0x8 src/c/modules/comm.c.25.o
 .data          0x0000000000000c9c        0x0 src/c/modules/wakeup.c.25.o
 .data          0x0000000000000c9c        0x0 src/c/pebble-cron.c.25.o
 .data          0x0000000000000c9c        0x0 src/c/user_interface/loading_window.c.25.o
 .data          0x0000000000000c9c        0x0 aplite/appinfo.auto.c.25.o
 .data          0x0000000000000c9c        0x0 aplite/src/resource_ids.auto.c.25.o
 .data          0x0000000000000c9c        0x0 src/message_keys.auto.c.25.o
 .data          0x0000000000000c9c        0x0 /home/kennedn/.pebble-sdk/SDKs/current/sdk-core/pebble/aplite/lib/libpebble.a(tmp7jpKUopebble.o)
 .data          0x0000000000000c9c        0x0 /home/kennedn/.pebble-sdk/SDKs/4.9.77/toolchain/arm-none-eabi/bin/../lib/gcc/arm-none-eabi/4.7.2/thumb2/crtend.o
 .data          0x0000000000000c9c        0x0 /home/kennedn/.pebble-sdk/SDKs/4.9.77/toolchain/arm-none-eabi/bin/../lib/gcc/arm-none-eabi/4.7.2/thumb2/crtn.o
 *(.data.*)
 .data.MESSAGE_KEY_TransferType
                0x0000000000000c9c        0x4 src/message_keys.auto.c.25.o
                0x0000000000000c9c                MESSAGE_KEY_TransferType

.igot.plt       0x0000000000000ca0        0x0
 .igot.plt      0x0000000000000000        0x0 /home/kennedn/.pebble-sdk/SDKs/4.9.77/toolchain/arm-none-eabi/bin/../lib/gcc/arm-none-eabi/4.7.2/thumb2/crtbegin.o

.got            0x0000000000000ca0        0xc
 .got           0x0000000000000ca0        0xc /home/kennedn/.pebble-sdk/SDKs/4.9.77/toolchain/arm-none-eabi/bin/../lib/gcc/arm-none-eabi/4.7.2/thumb2/crtbegin.o

.got.plt        0x0000000000000cac        0xc
 .got.plt       0x0000000000000cac        0xc /home/kennedn/.pebble-sdk/SDKs/4.9.77/toolchain/arm-none-eabi/bin/../lib/gcc/arm-none-eabi/4.7.2/thumb2/crtbegin.o
                0x0000000000000cac                _GLOBAL_OFFSET_TABLE_

.bss            0x0000000000000cb8       0x48
 *(.bss)
 *(.bss.*)
 .bss.s_generate_pins_timer
                0x0000000000000cb8        0x4 src/c/modules/comm.c.25.o
 .bss.s_outbox_attempts
                0x0000000000000cbc        0x4 src/c/modules/comm.c.25.o
 .bss.s_ready_timer
                0x0000000000000cc0        0x4 src/c/modules/comm.c.25.o
 .bss.s_clay_needs_config
                0x0000000000000cc4        0x1 src/c/modules/comm.c.25.o
 .bss.s_is_ready
                0x0000000000000cc5        0x1 src/c/modules/comm.c.25.o
 *fill*         0x0000000000000cc6        0x2 
 .bss.s_text_timer
                0x0000000000000cc8        0x4 src/c/user_interface/loading_window.c.25.o
 .bss.s_timeout_timer
                0x0000000000000ccc        0x4 src/c/user_interface/loading_window.c.25.o
 .bss.s_text_layer
                0x0000000000000cd0        0x4 src/c/user_interface/loading_window.c.25.o
 .bss.s_bg_color
                0x0000000000000cd4        0x1 src/c/user_interface/loading_window.c.25.o
 *fill*         0x0000000000000cd5        0x3 
 .bss.s_window_layer
                0x0000000000000cd8        0x4 src/c/user_interface/loading_window.c.25.o
 .bss.s_text_color
                0x0000000000000cdc        0x1 src/c/user_interface/loading_window.c.25.o
 *fill*         0x0000000000000cdd        0x1 
 .bss.s_window_bounds
                0x0000000000000cde        0x8 src/c/user_interface/loading_window.c.25.o
 *fill*         0x0000000000000ce6        0x2 
 .bss.s_anim_time
                0x0000000000000ce8        0x4 src/c/user_interface/loading_window.c.25.o
 .bss.s_custom_text
                0x0000000000000cec        0x4 src/c/user_interface/loading_window.c.25.o
 .bss.s_window  0x0000000000000cf0        0x4 src/c/user_interface/loading_window.c.25.o
 .bss.s_text_counter
                0x0000000000000cf4        0x1 src/c/user_interface/loading_window.c.25.o
 *fill*         0x0000000000000cf5        0x3 
 COMMON         0x0000000000000cf8        0x8 src/c/pebble-cron.c.25.o
                0x0000000000000cf8                ubuntu18
                0x0000000000000cfc                ubuntu14

DISCARD
 libc.a(*)
 libm.a(*)
 libgcc.a(*)
 *(.eh_frame)
OUTPUT(/home/kennedn/Projects/pebble-cron/build/aplite/pebble-app.elf elf32-littlearm)

.ARM.attributes
                0x0000000000000000       0x27
 .ARM.attributes
                0x0000000000000000       0x19 /home/kennedn/.pebble-sdk/SDKs/4.9.77/toolchain/arm-none-eabi/bin/../lib/gcc/arm-none-eabi/4.7.2/thumb2/crti.o
 .ARM.attributes
                0x0000000000000019       0x29 /home/kennedn/.pebble-sdk/SDKs/4.9.77/toolchain/arm-none-eabi/bin/../lib/gcc/arm-none-eabi/4.7.2/thumb2/crtbegin.o
 .ARM.attributes
                0x0000000000000042       0x33 src/c/modules/comm.c.25.o
 .ARM.attributes
                0x0000000000000075       0x33 src/c/modules/wakeup.c.25.o
 .ARM.attributes
                0x00000000000000a8       0x33 src/c/pebble-cron.c.25.o
 .ARM.attributes
                0x00000000000000db       0x33 src/c/user_interface/loading_window.c.25.o
 .ARM.attributes
                0x000000000000010e       0x33 aplite/appinfo.auto.c.25.o
 .ARM.attributes
                0x0000000000000141       0x33 aplite/src/resource_ids.auto.c.25.o
 .ARM.attributes
                0x0000000000000174       0x33 src/message_keys.auto.c.25.o
 .ARM.attributes
                0x00000000000001a7       0x21 /home/kennedn/.pebble-sdk/SDKs/current/sdk-core/pebble/aplite/lib/libpebble.a(tmp7jpKUopebble.o)
 .ARM.attributes
                0x00000000000001c8       0x29 /home/kennedn/.pebble-sdk/SDKs/4.9.77/toolchain/arm-none-eabi/bin/../lib/gcc/arm-none-eabi/4.7.2/thumb2/crtend.o
 .ARM.attributes
                0x00000000000001f1       0x19 /home/kennedn/.pebble-sdk/SDKs/4.9.77/toolchain/arm-none-eabi/bin/../lib/gcc/arm-none-eabi/4.7.2/thumb2/crtn.o

.comment        0x0000000000000000       0x4e
 .comment       0x0000000000000000       0x4e /home/kennedn/.pebble-sdk/SDKs/4.9.77/toolchain/arm-none-eabi/bin/../lib/gcc/arm-none-eabi/4.7.2/thumb2/crtbegin.o
                                         0x4f (size before relaxing)
 .comment       0x0000000000000000       0x4f src/c/modules/comm.c.25.o
 .comment       0x0000000000000000       0x4f src/c/modules/wakeup.c.25.o
 .comment       0x0000000000000000       0x4f src/c/pebble-cron.c.25.o
 .comment       0x0000000000000000       0x4f src/c/user_interface/loading_window.c.25.o
 .comment       0x0000000000000000       0x4f aplite/appinfo.auto.c.25.o
 .comment       0x0000000000000000       0x4f aplite/src/resource_ids.auto.c.25.o
 .comment       0x0000000000000000       0x4f src/message_keys.auto.c.25.o
 .comment       0x0000000000000000       0x4f /home/kennedn/.pebble-sdk/SDKs/4.9.77/toolchain/arm-none-eabi/bin/../lib/gcc/arm-none-eabi/4.7.2/thumb2/crtend.o

.debug_info     0x0000000000000000     0x20e4
 .debug_info    0x0000000000000000      0xaed src/c/modules/comm.c.25.o
 .debug_info    0x0000000000000aed      0x4c9 src/c/modules/wakeup.c.25.o
 .debug_info    0x0000000000000fb6      0x211 src/c/pebble-cron.c.25.o
 .debug_info    0x00000000000011c7      0xacb src/c/user_interface/loading_window.c.25.o
 .debug_info    0x0000000000001c92      0x31a aplite/appinfo.auto.c.25.o
 .debug_info    0x0000000000001fac       0xb7 aplite/src/resource_ids.auto.c.25.o
 .debug_info    0x0000000000002063       0x81 src/message_keys.auto.c.25.o

.debug_abbrev   0x0000000000000000      0x975
 .debug_abbrev  0x0000000000000000      0x2b6 src/c/modules/comm.c.25.o
 .debug_abbrev  0x00000000000002b6      0x1db src/c/modules/wakeup.c.25.o
 .debug_abbrev  0x0000000000000491      0x133 src/c/pebble-cron.c.25.o
 .debug_abbrev  0x00000000000005c4      0x28b src/c/user_interface/loading_window.c.25.o
 .debug_abbrev  0x000000000000084f       0x9e aplite/appinfo.auto.c.25.o
 .debug_abbrev  0x00000000000008ed       0x44 aplite/src/resource_ids.auto.c.25.o
 .debug_abbrev  0x0000000000000931       0x44 src/message_keys.auto.c.25.o

.debug_loc      0x0000000000000000      0x5fb
 .debug_loc     0x0000000000000000      0x25d src/c/modules/comm.c.25.o
 .debug_loc     0x000000000000025d       0xdb src/c/modules/wakeup.c.25.o
 .debug_loc     0x0000000000000338       0x20 src/c/pebble-cron.c.25.o
 .debug_loc     0x0000000000000358      0x2a3 src/c/user_interface/loading_window.c.25.o

.debug_aranges  0x0000000000000000      0x128
 .debug_aranges
                0x0000000000000000       0x50 src/c/modules/comm.c.25.o
 .debug_aranges
                0x0000000000000050       0x20 src/c/modules/wakeup.c.25.o
 .debug_aranges
                0x0000000000000070       0x20 src/c/pebble-cron.c.25.o
 .debug_aranges
                0x0000000000000090       0x50 src/c/user_interface/loading_window.c.25.o
 .debug_aranges
                0x00000000000000e0       0x18 aplite/appinfo.auto.c.25.o
 .debug_aranges
                0x00000000000000f8       0x18 aplite/src/resource_ids.auto.c.25.o
 .debug_aranges
                0x0000000000000110       0x18 src/message_keys.auto.c.25.o

.debug_ranges   0x0000000000000000      0x100
 .debug_ranges  0x0000000000000000       0x80 src/c/modules/comm.c.25.o
 .debug_ranges  0x0000000000000080       0x10 src/c/modules/wakeup.c.25.o
 .debug_ranges  0x0000000000000090       0x30 src/c/pebble-cron.c.25.o
 .debug_ranges  0x00000000000000c0       0x40 src/c/user_interface/loading_window.c.25.o

.debug_line     0x0000000000000000      0xb2f
 .debug_line    0x0000000000000000      0x273 src/c/modules/comm.c.25.o
 .debug_line    0x0000000000000273      0x276 src/c/modules/wakeup.c.25.o
 .debug_line    0x00000000000004e9      0x157 src/c/pebble-cron.c.25.o
 .debug_line    0x0000000000000640      0x23b src/c/user_interface/loading_window.c.25.o
 .debug_line    0x000000000000087b      0x11f aplite/appinfo.auto.c.25.o
 .debug_line    0x000000000000099a       0xce aplite/src/resource_ids.auto.c.25.o
 .debug_line    0x0000000000000a68       0xc7 src/message_keys.auto.c.25.o

.debug_str      0x0000000000000000     0x1005
 .debug_str     0x0000000000000000      0x750 src/c/modules/comm.c.25.o
                                        0x7bc (size before relaxing)
 .debug_str     0x0000000000000750       0xfc src/c/modules/wakeup.c.25.o
                                        0x28d (size before relaxing)
 .debug_str     0x000000000000084c       0x9a src/c/pebble-cron.c.25.o
                                        0x192 (size before relaxing)
 .debug_str     0x00000000000008e6      0x437 src/c/user_interface/loading_window.c.25.o
                                        0x5db (size before relaxing)
 .debug_str     0x0000000000000d1d      0x236 aplite/appinfo.auto.c.25.o
                                        0x317 (size before relaxing)
 .debug_str     0x0000000000000f53       0x9a aplite/src/resource_ids.auto.c.25.o
                                        0x15c (size before relaxing)
 .debug_str     0x0000000000000fed       0x18 src/message_keys.auto.c.25.o
                                         0xf3 (size before relaxing)

.debug_frame    0x0000000000000000      0x1f8
 .debug_frame   0x0000000000000000       0xcc src/c/modules/comm.c.25.o
 .debug_frame   0x00000000000000cc       0x2c src/c/modules/wakeup.c.25.o
 .debug_frame   0x00000000000000f8       0x2c src/c/pebble-cron.c.25.o
 .debug_frame   0x0000000000000124       0xd4 src/c/user_interface/loading_window.c.25.o
